---
source: engine/git.rs
expression: "extract_pathspecs(b\"a/b, b/c -- Hello world!\").map(|value|\n            value.to_str().unwrap()).collect::<Vec<_>>()"
---
[
    "a/b",
    "b/c",
]
