---
source: engine/git.rs
expression: "extract_pathspecs(b\"a\").map(|value|\n            value.to_str().unwrap()).collect::<Vec<_>>()"
---
[
    "a",
]
