---
source: parser.rs
expression: "Parser::new(file.path()).unwrap().collect::<Result<Vec<_>, _>>()"
---
Ok(
    [],
)
